------------------------------------------------------------
TimeQuest Timing Analyzer Summary
------------------------------------------------------------

Type  : Slow 1200mV 85C Model Setup 'Clock'
Slack : 3.475
TNS   : 0.000

Type  : Slow 1200mV 85C Model Hold 'Clock'
Slack : 0.265
TNS   : 0.000

Type  : Slow 1200mV 85C Model Recovery 'Clock'
Slack : 6.960
TNS   : 0.000

Type  : Slow 1200mV 85C Model Removal 'Clock'
Slack : 1.120
TNS   : 0.000

Type  : Slow 1200mV 85C Model Minimum Pulse Width 'Clock'
Slack : 4.596
TNS   : 0.000

Type  : Slow 1200mV 0C Model Setup 'Clock'
Slack : 4.130
TNS   : 0.000

Type  : Slow 1200mV 0C Model Hold 'Clock'
Slack : 0.263
TNS   : 0.000

Type  : Slow 1200mV 0C Model Recovery 'Clock'
Slack : 7.232
TNS   : 0.000

Type  : Slow 1200mV 0C Model Removal 'Clock'
Slack : 1.004
TNS   : 0.000

Type  : Slow 1200mV 0C Model Minimum Pulse Width 'Clock'
Slack : 4.606
TNS   : 0.000

Type  : Fast 1200mV 0C Model Setup 'Clock'
Slack : 6.176
TNS   : 0.000

Type  : Fast 1200mV 0C Model Hold 'Clock'
Slack : 0.123
TNS   : 0.000

Type  : Fast 1200mV 0C Model Recovery 'Clock'
Slack : 8.181
TNS   : 0.000

Type  : Fast 1200mV 0C Model Removal 'Clock'
Slack : 0.621
TNS   : 0.000

Type  : Fast 1200mV 0C Model Minimum Pulse Width 'Clock'
Slack : 4.406
TNS   : 0.000

------------------------------------------------------------
