------------------------------------------------------------
TimeQuest Timing Analyzer Summary
------------------------------------------------------------

Type  : Slow 1200mV 85C Model Setup 'u0|pcie_ip|pcie_internal_hip|cyclone_iii.cycloneiv_hssi_pcie_hip|coreclkout'
Slack : -3.535
TNS   : -2172.882

Type  : Slow 1200mV 85C Model Setup 'u0|altpll_qsys|sd1|pll7|clk[0]'
Slack : -1.736
TNS   : -3181.301

Type  : Slow 1200mV 85C Model Setup 'n/a'
Slack : 14.228
TNS   : 0.000

Type  : Slow 1200mV 85C Model Setup 'clock_50_1'
Slack : 16.681
TNS   : 0.000

Type  : Slow 1200mV 85C Model Setup 'u0|altpll_qsys|sd1|pll7|clk[2]'
Slack : 31.030
TNS   : 0.000

Type  : Slow 1200mV 85C Model Setup 'vga_clk'
Slack : 34.802
TNS   : 0.000

Type  : Slow 1200mV 85C Model Hold 'u0|pcie_ip|pcie_internal_hip|cyclone_iii.cycloneiv_hssi_pcie_hip|coreclkout'
Slack : 0.224
TNS   : 0.000

Type  : Slow 1200mV 85C Model Hold 'u0|altpll_qsys|sd1|pll7|clk[0]'
Slack : 0.257
TNS   : 0.000

Type  : Slow 1200mV 85C Model Hold 'u0|altpll_qsys|sd1|pll7|clk[2]'
Slack : 0.394
TNS   : 0.000

Type  : Slow 1200mV 85C Model Hold 'clock_50_1'
Slack : 0.398
TNS   : 0.000

Type  : Slow 1200mV 85C Model Hold 'vga_clk'
Slack : 3.719
TNS   : 0.000

Type  : Slow 1200mV 85C Model Hold 'n/a'
Slack : 5.326
TNS   : 0.000

Type  : Slow 1200mV 85C Model Recovery 'u0|altpll_qsys|sd1|pll7|clk[0]'
Slack : 2.147
TNS   : 0.000

Type  : Slow 1200mV 85C Model Recovery 'u0|altpll_qsys|sd1|pll7|clk[2]'
Slack : 2.540
TNS   : 0.000

Type  : Slow 1200mV 85C Model Recovery 'u0|pcie_ip|pcie_internal_hip|cyclone_iii.cycloneiv_hssi_pcie_hip|coreclkout'
Slack : 3.409
TNS   : 0.000

Type  : Slow 1200mV 85C Model Removal 'u0|altpll_qsys|sd1|pll7|clk[2]'
Slack : 0.999
TNS   : 0.000

Type  : Slow 1200mV 85C Model Removal 'u0|pcie_ip|pcie_internal_hip|cyclone_iii.cycloneiv_hssi_pcie_hip|coreclkout'
Slack : 1.030
TNS   : 0.000

Type  : Slow 1200mV 85C Model Removal 'u0|altpll_qsys|sd1|pll7|clk[0]'
Slack : 1.263
TNS   : 0.000

Type  : Slow 1200mV 85C Model Minimum Pulse Width 'u0|pcie_ip|altgx_internal|de2i_150_qsys_pcie_ip_altgx_internal_alt_c3gxb_u7h8_component|transmit_pcs0|hiptxclkout'
Slack : 2.000
TNS   : 0.000

Type  : Slow 1200mV 85C Model Minimum Pulse Width 'u0|pcie_ip|altgx_internal|de2i_150_qsys_pcie_ip_altgx_internal_alt_c3gxb_u7h8_component|transmit_pma0|clockout'
Slack : 2.000
TNS   : 0.000

Type  : Slow 1200mV 85C Model Minimum Pulse Width 'u0|altpll_qsys|sd1|pll7|clk[0]'
Slack : 2.666
TNS   : 0.000

Type  : Slow 1200mV 85C Model Minimum Pulse Width 'u0|pcie_ip|pcie_internal_hip|cyclone_iii.cycloneiv_hssi_pcie_hip|coreclkout'
Slack : 3.559
TNS   : 0.000

Type  : Slow 1200mV 85C Model Minimum Pulse Width 'u0|pcie_ip|pcie_internal_hip|cyclone_iii.cycloneiv_hssi_pcie_hip|pclkch0'
Slack : 3.977
TNS   : 0.000

Type  : Slow 1200mV 85C Model Minimum Pulse Width 'pcie_ref_clk'
Slack : 4.813
TNS   : 0.000

Type  : Slow 1200mV 85C Model Minimum Pulse Width 'clock_50_1'
Slack : 9.772
TNS   : 0.000

Type  : Slow 1200mV 85C Model Minimum Pulse Width 'clock_50_2'
Slack : 16.000
TNS   : 0.000

Type  : Slow 1200mV 85C Model Minimum Pulse Width 'clock_50_3'
Slack : 16.000
TNS   : 0.000

Type  : Slow 1200mV 85C Model Minimum Pulse Width 'u0|altpll_qsys|sd1|pll7|clk[2]'
Slack : 19.621
TNS   : 0.000

Type  : Slow 1200mV 85C Model Minimum Pulse Width 'vga_clk'
Slack : 35.790
TNS   : 0.000

Type  : Slow 1200mV 0C Model Setup 'u0|pcie_ip|pcie_internal_hip|cyclone_iii.cycloneiv_hssi_pcie_hip|coreclkout'
Slack : -2.536
TNS   : -1171.744

Type  : Slow 1200mV 0C Model Setup 'u0|altpll_qsys|sd1|pll7|clk[0]'
Slack : -1.021
TNS   : -261.240

Type  : Slow 1200mV 0C Model Setup 'n/a'
Slack : 14.697
TNS   : 0.000

Type  : Slow 1200mV 0C Model Setup 'clock_50_1'
Slack : 17.026
TNS   : 0.000

Type  : Slow 1200mV 0C Model Setup 'u0|altpll_qsys|sd1|pll7|clk[2]'
Slack : 31.714
TNS   : 0.000

Type  : Slow 1200mV 0C Model Setup 'vga_clk'
Slack : 35.304
TNS   : 0.000

Type  : Slow 1200mV 0C Model Hold 'u0|pcie_ip|pcie_internal_hip|cyclone_iii.cycloneiv_hssi_pcie_hip|coreclkout'
Slack : 0.225
TNS   : 0.000

Type  : Slow 1200mV 0C Model Hold 'u0|altpll_qsys|sd1|pll7|clk[0]'
Slack : 0.260
TNS   : 0.000

Type  : Slow 1200mV 0C Model Hold 'u0|altpll_qsys|sd1|pll7|clk[2]'
Slack : 0.346
TNS   : 0.000

Type  : Slow 1200mV 0C Model Hold 'clock_50_1'
Slack : 0.356
TNS   : 0.000

Type  : Slow 1200mV 0C Model Hold 'vga_clk'
Slack : 3.228
TNS   : 0.000

Type  : Slow 1200mV 0C Model Hold 'n/a'
Slack : 4.890
TNS   : 0.000

Type  : Slow 1200mV 0C Model Recovery 'u0|altpll_qsys|sd1|pll7|clk[0]'
Slack : 2.557
TNS   : 0.000

Type  : Slow 1200mV 0C Model Recovery 'u0|altpll_qsys|sd1|pll7|clk[2]'
Slack : 2.943
TNS   : 0.000

Type  : Slow 1200mV 0C Model Recovery 'u0|pcie_ip|pcie_internal_hip|cyclone_iii.cycloneiv_hssi_pcie_hip|coreclkout'
Slack : 3.834
TNS   : 0.000

Type  : Slow 1200mV 0C Model Removal 'u0|altpll_qsys|sd1|pll7|clk[2]'
Slack : 0.907
TNS   : 0.000

Type  : Slow 1200mV 0C Model Removal 'u0|pcie_ip|pcie_internal_hip|cyclone_iii.cycloneiv_hssi_pcie_hip|coreclkout'
Slack : 0.940
TNS   : 0.000

Type  : Slow 1200mV 0C Model Removal 'u0|altpll_qsys|sd1|pll7|clk[0]'
Slack : 1.138
TNS   : 0.000

Type  : Slow 1200mV 0C Model Minimum Pulse Width 'u0|pcie_ip|altgx_internal|de2i_150_qsys_pcie_ip_altgx_internal_alt_c3gxb_u7h8_component|transmit_pcs0|hiptxclkout'
Slack : 2.000
TNS   : 0.000

Type  : Slow 1200mV 0C Model Minimum Pulse Width 'u0|pcie_ip|altgx_internal|de2i_150_qsys_pcie_ip_altgx_internal_alt_c3gxb_u7h8_component|transmit_pma0|clockout'
Slack : 2.000
TNS   : 0.000

Type  : Slow 1200mV 0C Model Minimum Pulse Width 'u0|altpll_qsys|sd1|pll7|clk[0]'
Slack : 2.666
TNS   : 0.000

Type  : Slow 1200mV 0C Model Minimum Pulse Width 'u0|pcie_ip|pcie_internal_hip|cyclone_iii.cycloneiv_hssi_pcie_hip|coreclkout'
Slack : 3.492
TNS   : 0.000

Type  : Slow 1200mV 0C Model Minimum Pulse Width 'u0|pcie_ip|pcie_internal_hip|cyclone_iii.cycloneiv_hssi_pcie_hip|pclkch0'
Slack : 3.971
TNS   : 0.000

Type  : Slow 1200mV 0C Model Minimum Pulse Width 'pcie_ref_clk'
Slack : 4.811
TNS   : 0.000

Type  : Slow 1200mV 0C Model Minimum Pulse Width 'clock_50_1'
Slack : 9.769
TNS   : 0.000

Type  : Slow 1200mV 0C Model Minimum Pulse Width 'clock_50_2'
Slack : 16.000
TNS   : 0.000

Type  : Slow 1200mV 0C Model Minimum Pulse Width 'clock_50_3'
Slack : 16.000
TNS   : 0.000

Type  : Slow 1200mV 0C Model Minimum Pulse Width 'u0|altpll_qsys|sd1|pll7|clk[2]'
Slack : 19.610
TNS   : 0.000

Type  : Slow 1200mV 0C Model Minimum Pulse Width 'vga_clk'
Slack : 35.790
TNS   : 0.000

Type  : Fast 1200mV 0C Model Setup 'u0|altpll_qsys|sd1|pll7|clk[0]'
Slack : 2.294
TNS   : 0.000

Type  : Fast 1200mV 0C Model Setup 'u0|pcie_ip|pcie_internal_hip|cyclone_iii.cycloneiv_hssi_pcie_hip|coreclkout'
Slack : 2.314
TNS   : 0.000

Type  : Fast 1200mV 0C Model Setup 'n/a'
Slack : 17.066
TNS   : 0.000

Type  : Fast 1200mV 0C Model Setup 'clock_50_1'
Slack : 18.346
TNS   : 0.000

Type  : Fast 1200mV 0C Model Setup 'u0|altpll_qsys|sd1|pll7|clk[2]'
Slack : 35.445
TNS   : 0.000

Type  : Fast 1200mV 0C Model Setup 'vga_clk'
Slack : 38.178
TNS   : 0.000

Type  : Fast 1200mV 0C Model Hold 'u0|pcie_ip|pcie_internal_hip|cyclone_iii.cycloneiv_hssi_pcie_hip|coreclkout'
Slack : 0.063
TNS   : 0.000

Type  : Fast 1200mV 0C Model Hold 'u0|altpll_qsys|sd1|pll7|clk[0]'
Slack : 0.078
TNS   : 0.000

Type  : Fast 1200mV 0C Model Hold 'u0|altpll_qsys|sd1|pll7|clk[2]'
Slack : 0.177
TNS   : 0.000

Type  : Fast 1200mV 0C Model Hold 'clock_50_1'
Slack : 0.182
TNS   : 0.000

Type  : Fast 1200mV 0C Model Hold 'vga_clk'
Slack : 0.922
TNS   : 0.000

Type  : Fast 1200mV 0C Model Hold 'n/a'
Slack : 2.685
TNS   : 0.000

Type  : Fast 1200mV 0C Model Recovery 'u0|altpll_qsys|sd1|pll7|clk[0]'
Slack : 4.249
TNS   : 0.000

Type  : Fast 1200mV 0C Model Recovery 'u0|altpll_qsys|sd1|pll7|clk[2]'
Slack : 4.450
TNS   : 0.000

Type  : Fast 1200mV 0C Model Recovery 'u0|pcie_ip|pcie_internal_hip|cyclone_iii.cycloneiv_hssi_pcie_hip|coreclkout'
Slack : 5.565
TNS   : 0.000

Type  : Fast 1200mV 0C Model Removal 'u0|altpll_qsys|sd1|pll7|clk[2]'
Slack : 0.474
TNS   : 0.000

Type  : Fast 1200mV 0C Model Removal 'u0|pcie_ip|pcie_internal_hip|cyclone_iii.cycloneiv_hssi_pcie_hip|coreclkout'
Slack : 0.491
TNS   : 0.000

Type  : Fast 1200mV 0C Model Removal 'u0|altpll_qsys|sd1|pll7|clk[0]'
Slack : 0.597
TNS   : 0.000

Type  : Fast 1200mV 0C Model Minimum Pulse Width 'u0|pcie_ip|altgx_internal|de2i_150_qsys_pcie_ip_altgx_internal_alt_c3gxb_u7h8_component|transmit_pcs0|hiptxclkout'
Slack : 2.000
TNS   : 0.000

Type  : Fast 1200mV 0C Model Minimum Pulse Width 'u0|pcie_ip|altgx_internal|de2i_150_qsys_pcie_ip_altgx_internal_alt_c3gxb_u7h8_component|transmit_pma0|clockout'
Slack : 2.000
TNS   : 0.000

Type  : Fast 1200mV 0C Model Minimum Pulse Width 'u0|altpll_qsys|sd1|pll7|clk[0]'
Slack : 3.061
TNS   : 0.000

Type  : Fast 1200mV 0C Model Minimum Pulse Width 'u0|pcie_ip|pcie_internal_hip|cyclone_iii.cycloneiv_hssi_pcie_hip|coreclkout'
Slack : 3.673
TNS   : 0.000

Type  : Fast 1200mV 0C Model Minimum Pulse Width 'u0|pcie_ip|pcie_internal_hip|cyclone_iii.cycloneiv_hssi_pcie_hip|pclkch0'
Slack : 3.994
TNS   : 0.000

Type  : Fast 1200mV 0C Model Minimum Pulse Width 'pcie_ref_clk'
Slack : 4.570
TNS   : 0.000

Type  : Fast 1200mV 0C Model Minimum Pulse Width 'clock_50_1'
Slack : 9.312
TNS   : 0.000

Type  : Fast 1200mV 0C Model Minimum Pulse Width 'clock_50_2'
Slack : 16.000
TNS   : 0.000

Type  : Fast 1200mV 0C Model Minimum Pulse Width 'clock_50_3'
Slack : 16.000
TNS   : 0.000

Type  : Fast 1200mV 0C Model Minimum Pulse Width 'u0|altpll_qsys|sd1|pll7|clk[2]'
Slack : 19.731
TNS   : 0.000

Type  : Fast 1200mV 0C Model Minimum Pulse Width 'vga_clk'
Slack : 36.000
TNS   : 0.000

------------------------------------------------------------
